// Jest Snapshot v1, https://goo.gl/fbAQLP

exports[`Translation renders without crashing 1`] = `ShallowWrapper {}`;
